[footballpeek.com/index.html]
[backblue.gif]
[fade.gif]
[index.html]
[footballpeek.com/manifest.json]
[footballpeek.com/favicon.ico]
[footballpeek.com/favicon-32x32.png]
[footballpeek.com/favicon-16x16.png]
[footballpeek.com/icon-apple.png]
[footballpeek.com/icon-512x512.png]
[footballpeek.com/style.bundle.de637f1c7be5f18e0f10.css]
[footballpeek.com/icon-48x48.png]
[footballpeek.com/premier-league.html]
[footballpeek.com/liga.html]
[footballpeek.com/ligue-1.html]
[footballpeek.com/serie-a.html]
[footballpeek.com/bundesliga.html]
[footballpeek.com/champions-league.html]
[footballpeek.com/europa-league.html]
[pagead2.googlesyndication.com/pagead/js/f.txt]
[footballpeek.com/index.html]
[footballpeek.com/script.bundle.de637f1c7be5f18e0f10.js]
[footballpeek.com/premier-league/2020-2021/3.html]
[footballpeek.com/premier-league/2020-2021/5.html]
[footballpeek.com/premier-league.html]
[cdnjs.cloudflare.com/ajax/libs/highcharts/7.1.1/highcharts.js]
[footballpeek.com/liga/2020-2021/4.html]
[footballpeek.com/liga.html]
[footballpeek.com/liga/2020-2021/6.html]
[footballpeek.com/ligue-1/2020-2021/5.html]
[footballpeek.com/ligue-1.html]
[footballpeek.com/ligue-1/2020-2021/7.html]
[footballpeek.com/serie-a/2020-2021/2.html]
[footballpeek.com/serie-a.html]
[footballpeek.com/serie-a/2020-2021/4.html]
[footballpeek.com/bundesliga/2020-2021/2.html]
[footballpeek.com/bundesliga.html]
[footballpeek.com/champions-league.html]
[footballpeek.com/europa-league.html]
[footballpeek.com/bundesliga/2020-2021/4.html]
[footballpeek.com/premier-league/2020-2021/2.html]
[footballpeek.com/premier-league/2020-2021/3.html]
[footballpeek.com/premier-league/2020-2021/4.html]
[footballpeek.com/premier-league/2020-2021/5.html]
[footballpeek.com/premier-league/2020-2021/6.html]
[footballpeek.com/liga/2020-2021/3.html]
[footballpeek.com/liga/2020-2021/4.html]
[footballpeek.com/liga/2020-2021/5.html]
[footballpeek.com/liga/2020-2021/6.html]
[footballpeek.com/liga/2020-2021/7.html]
[footballpeek.com/ligue-1/2020-2021/4.html]
[footballpeek.com/ligue-1/2020-2021/5.html]
[footballpeek.com/ligue-1/2020-2021/6.html]
[footballpeek.com/ligue-1/2020-2021/7.html]
[footballpeek.com/ligue-1/2020-2021/8.html]
[footballpeek.com/serie-a/2020-2021/1.html]
[footballpeek.com/serie-a/2020-2021/2.html]
[footballpeek.com/serie-a/2020-2021/3.html]
[footballpeek.com/serie-a/2020-2021/4.html]
[footballpeek.com/serie-a/2020-2021/5.html]
[footballpeek.com/bundesliga/2020-2021/1.html]
[footballpeek.com/bundesliga/2020-2021/2.html]
[footballpeek.com/bundesliga/2020-2021/3.html]
[footballpeek.com/bundesliga/2020-2021/4.html]
[footballpeek.com/bundesliga/2020-2021/5.html]
[footballpeek.com/premier-league/2020-2021/2.html]
[footballpeek.com/premier-league/2020-2021/4.html]
[footballpeek.com/premier-league/2020-2021/1.html]
[footballpeek.com/premier-league/2020-2021/6.html]
[footballpeek.com/premier-league/2020-2021/7.html]
[footballpeek.com/liga/2020-2021/3.html]
[footballpeek.com/liga/2020-2021/5.html]
[footballpeek.com/liga/2020-2021/2.html]
[footballpeek.com/liga/2020-2021/7.html]
[footballpeek.com/liga/2020-2021/8.html]
[footballpeek.com/ligue-1/2020-2021/4.html]
[footballpeek.com/ligue-1/2020-2021/6.html]
[footballpeek.com/ligue-1/2020-2021/3.html]
[footballpeek.com/ligue-1/2020-2021/8.html]
[footballpeek.com/serie-a/2020-2021/1.html]
[footballpeek.com/serie-a/2020-2021/3.html]
[footballpeek.com/ligue-1/2020-2021/9.html]
[footballpeek.com/serie-a/2020-2021/5.html]
[footballpeek.com/bundesliga/2020-2021/1.html]
[footballpeek.com/bundesliga/2020-2021/3.html]
[footballpeek.com/serie-a/2020-2021/6.html]
[footballpeek.com/bundesliga/2020-2021/5.html]
[footballpeek.com/premier-league/2020-2021/1.html]
[footballpeek.com/bundesliga/2020-2021/6.html]
[footballpeek.com/premier-league/2020-2021/7.html]
[footballpeek.com/premier-league/2020-2021/8.html]
[footballpeek.com/liga/2020-2021/2.html]
[footballpeek.com/liga/2020-2021/1.html]
[footballpeek.com/liga/2020-2021/8.html]
[footballpeek.com/liga/2020-2021/9.html]
[footballpeek.com/ligue-1/2020-2021/3.html]
[footballpeek.com/ligue-1/2020-2021/2.html]
[footballpeek.com/ligue-1/2020-2021/9.html]
[footballpeek.com/ligue-1/2020-2021/10.html]
[footballpeek.com/serie-a/2020-2021/6.html]
[footballpeek.com/serie-a/2020-2021/7.html]
[footballpeek.com/bundesliga/2020-2021/6.html]
[footballpeek.com/bundesliga/2020-2021/7.html]
[footballpeek.com/premier-league/2020-2021/8.html]
[footballpeek.com/liga/2020-2021/1.html]
[footballpeek.com/premier-league/2020-2021/9.html]
[footballpeek.com/liga/2020-2021/9.html]
[footballpeek.com/liga/2020-2021/10.html]
[footballpeek.com/ligue-1/2020-2021/2.html]
[footballpeek.com/ligue-1/2020-2021/1.html]
[footballpeek.com/ligue-1/2020-2021/10.html]
[footballpeek.com/ligue-1/2020-2021/11.html]
[footballpeek.com/serie-a/2020-2021/7.html]
[footballpeek.com/serie-a/2020-2021/8.html]
[footballpeek.com/bundesliga/2020-2021/7.html]
[footballpeek.com/bundesliga/2020-2021/8.html]
[footballpeek.com/premier-league/2020-2021/9.html]
[footballpeek.com/premier-league/2020-2021/10.html]
[footballpeek.com/liga/2020-2021/10.html]
[footballpeek.com/ligue-1/2020-2021/1.html]
[footballpeek.com/liga/2020-2021/11.html]
[footballpeek.com/ligue-1/2020-2021/11.html]
[footballpeek.com/ligue-1/2020-2021/12.html]
[footballpeek.com/serie-a/2020-2021/8.html]
[footballpeek.com/serie-a/2020-2021/9.html]
[footballpeek.com/bundesliga/2020-2021/8.html]
[footballpeek.com/bundesliga/2020-2021/9.html]
[footballpeek.com/premier-league/2020-2021/10.html]
[footballpeek.com/premier-league/2020-2021/11.html]
[footballpeek.com/liga/2020-2021/11.html]
[footballpeek.com/liga/2020-2021/12.html]
[footballpeek.com/ligue-1/2020-2021/12.html]
[footballpeek.com/ligue-1/2020-2021/13.html]
[footballpeek.com/serie-a/2020-2021/9.html]
[footballpeek.com/serie-a/2020-2021/10.html]
[footballpeek.com/bundesliga/2020-2021/9.html]
[footballpeek.com/bundesliga/2020-2021/10.html]
[footballpeek.com/premier-league/2020-2021/11.html]
[footballpeek.com/premier-league/2020-2021/12.html]
[footballpeek.com/liga/2020-2021/12.html]
[footballpeek.com/liga/2020-2021/13.html]
[footballpeek.com/ligue-1/2020-2021/13.html]
[footballpeek.com/ligue-1/2020-2021/14.html]
[footballpeek.com/serie-a/2020-2021/10.html]
[footballpeek.com/serie-a/2020-2021/11.html]
[footballpeek.com/bundesliga/2020-2021/10.html]
[footballpeek.com/bundesliga/2020-2021/11.html]
[footballpeek.com/premier-league/2020-2021/12.html]
[footballpeek.com/premier-league/2020-2021/13.html]
[footballpeek.com/liga/2020-2021/13.html]
[footballpeek.com/liga/2020-2021/14.html]
[footballpeek.com/ligue-1/2020-2021/14.html]
[footballpeek.com/ligue-1/2020-2021/15.html]
[footballpeek.com/serie-a/2020-2021/11.html]
[footballpeek.com/serie-a/2020-2021/12.html]
[footballpeek.com/bundesliga/2020-2021/11.html]
[footballpeek.com/bundesliga/2020-2021/12.html]
[footballpeek.com/premier-league/2020-2021/13.html]
[footballpeek.com/premier-league/2020-2021/14.html]
[footballpeek.com/liga/2020-2021/14.html]
[footballpeek.com/liga/2020-2021/15.html]
[footballpeek.com/ligue-1/2020-2021/15.html]
[footballpeek.com/ligue-1/2020-2021/16.html]
[footballpeek.com/serie-a/2020-2021/12.html]
[footballpeek.com/serie-a/2020-2021/13.html]
[footballpeek.com/bundesliga/2020-2021/12.html]
[footballpeek.com/bundesliga/2020-2021/13.html]
[footballpeek.com/premier-league/2020-2021/14.html]
[footballpeek.com/premier-league/2020-2021/15.html]
[footballpeek.com/liga/2020-2021/15.html]
[footballpeek.com/liga/2020-2021/16.html]
[footballpeek.com/ligue-1/2020-2021/16.html]
[footballpeek.com/ligue-1/2020-2021/17.html]
[footballpeek.com/serie-a/2020-2021/13.html]
[footballpeek.com/serie-a/2020-2021/14.html]
[footballpeek.com/bundesliga/2020-2021/13.html]
[footballpeek.com/bundesliga/2020-2021/14.html]
[footballpeek.com/premier-league/2020-2021/15.html]
[footballpeek.com/premier-league/2020-2021/16.html]
[footballpeek.com/liga/2020-2021/16.html]
[footballpeek.com/liga/2020-2021/17.html]
[footballpeek.com/ligue-1/2020-2021/17.html]
[footballpeek.com/ligue-1/2020-2021/18.html]
[footballpeek.com/serie-a/2020-2021/14.html]
[footballpeek.com/serie-a/2020-2021/15.html]
[footballpeek.com/bundesliga/2020-2021/14.html]
[footballpeek.com/bundesliga/2020-2021/15.html]
[footballpeek.com/premier-league/2020-2021/16.html]
[footballpeek.com/premier-league/2020-2021/17.html]
[footballpeek.com/liga/2020-2021/17.html]
[footballpeek.com/liga/2020-2021/18.html]
[footballpeek.com/ligue-1/2020-2021/18.html]
[footballpeek.com/ligue-1/2020-2021/19.html]
[footballpeek.com/serie-a/2020-2021/15.html]
[footballpeek.com/serie-a/2020-2021/16.html]
[footballpeek.com/bundesliga/2020-2021/15.html]
[footballpeek.com/bundesliga/2020-2021/16.html]
[footballpeek.com/premier-league/2020-2021/17.html]
[footballpeek.com/premier-league/2020-2021/18.html]
[footballpeek.com/liga/2020-2021/18.html]
[footballpeek.com/liga/2020-2021/19.html]
[footballpeek.com/ligue-1/2020-2021/19.html]
[footballpeek.com/ligue-1/2020-2021/20.html]
[footballpeek.com/serie-a/2020-2021/16.html]
[footballpeek.com/serie-a/2020-2021/17.html]
[footballpeek.com/bundesliga/2020-2021/16.html]
[footballpeek.com/bundesliga/2020-2021/17.html]
[footballpeek.com/premier-league/2020-2021/18.html]
[footballpeek.com/premier-league/2020-2021/19.html]
[footballpeek.com/liga/2020-2021/19.html]
[footballpeek.com/liga/2020-2021/20.html]
[footballpeek.com/ligue-1/2020-2021/20.html]
[footballpeek.com/ligue-1/2020-2021/21.html]
[footballpeek.com/serie-a/2020-2021/17.html]
[footballpeek.com/serie-a/2020-2021/18.html]
[footballpeek.com/bundesliga/2020-2021/17.html]
[footballpeek.com/bundesliga/2020-2021/18.html]
[footballpeek.com/premier-league/2020-2021/19.html]
[footballpeek.com/premier-league/2020-2021/20.html]
[footballpeek.com/liga/2020-2021/20.html]
[footballpeek.com/liga/2020-2021/21.html]
[footballpeek.com/ligue-1/2020-2021/21.html]
[footballpeek.com/ligue-1/2020-2021/22.html]
[footballpeek.com/serie-a/2020-2021/18.html]
[footballpeek.com/serie-a/2020-2021/19.html]
[footballpeek.com/bundesliga/2020-2021/18.html]
[footballpeek.com/bundesliga/2020-2021/19.html]
[footballpeek.com/premier-league/2020-2021/20.html]
[footballpeek.com/premier-league/2020-2021/21.html]
[footballpeek.com/liga/2020-2021/21.html]
[footballpeek.com/liga/2020-2021/22.html]
[footballpeek.com/ligue-1/2020-2021/22.html]
[footballpeek.com/ligue-1/2020-2021/23.html]
[footballpeek.com/serie-a/2020-2021/19.html]
[footballpeek.com/serie-a/2020-2021/20.html]
[footballpeek.com/bundesliga/2020-2021/19.html]
[footballpeek.com/bundesliga/2020-2021/20.html]
[footballpeek.com/premier-league/2020-2021/21.html]
[footballpeek.com/premier-league/2020-2021/22.html]
[footballpeek.com/liga/2020-2021/22.html]
[footballpeek.com/liga/2020-2021/23.html]
[footballpeek.com/ligue-1/2020-2021/23.html]
[footballpeek.com/ligue-1/2020-2021/24.html]
[footballpeek.com/serie-a/2020-2021/20.html]
[footballpeek.com/serie-a/2020-2021/21.html]
[footballpeek.com/bundesliga/2020-2021/20.html]
[footballpeek.com/bundesliga/2020-2021/21.html]
[footballpeek.com/premier-league/2020-2021/22.html]
[footballpeek.com/premier-league/2020-2021/23.html]
[footballpeek.com/liga/2020-2021/23.html]
[footballpeek.com/liga/2020-2021/24.html]
[footballpeek.com/ligue-1/2020-2021/24.html]
[footballpeek.com/ligue-1/2020-2021/25.html]
[footballpeek.com/serie-a/2020-2021/21.html]
[footballpeek.com/serie-a/2020-2021/22.html]
[footballpeek.com/bundesliga/2020-2021/21.html]
[footballpeek.com/bundesliga/2020-2021/22.html]
[footballpeek.com/premier-league/2020-2021/23.html]
[footballpeek.com/premier-league/2020-2021/24.html]
[footballpeek.com/liga/2020-2021/24.html]
[footballpeek.com/liga/2020-2021/25.html]
[footballpeek.com/ligue-1/2020-2021/25.html]
[footballpeek.com/ligue-1/2020-2021/26.html]
[footballpeek.com/serie-a/2020-2021/22.html]
[footballpeek.com/serie-a/2020-2021/23.html]
[footballpeek.com/bundesliga/2020-2021/22.html]
[footballpeek.com/bundesliga/2020-2021/23.html]
[footballpeek.com/premier-league/2020-2021/24.html]
[footballpeek.com/premier-league/2020-2021/25.html]
[footballpeek.com/liga/2020-2021/25.html]
[footballpeek.com/liga/2020-2021/26.html]
[footballpeek.com/ligue-1/2020-2021/26.html]
[footballpeek.com/ligue-1/2020-2021/27.html]
[footballpeek.com/serie-a/2020-2021/23.html]
[footballpeek.com/serie-a/2020-2021/24.html]
[footballpeek.com/bundesliga/2020-2021/23.html]
[footballpeek.com/bundesliga/2020-2021/24.html]
[footballpeek.com/premier-league/2020-2021/25.html]
[footballpeek.com/premier-league/2020-2021/26.html]
[footballpeek.com/liga/2020-2021/26.html]
[footballpeek.com/liga/2020-2021/27.html]
[footballpeek.com/ligue-1/2020-2021/27.html]
[footballpeek.com/ligue-1/2020-2021/28.html]
[footballpeek.com/serie-a/2020-2021/24.html]
[footballpeek.com/serie-a/2020-2021/25.html]
[footballpeek.com/bundesliga/2020-2021/24.html]
[footballpeek.com/bundesliga/2020-2021/25.html]
[footballpeek.com/premier-league/2020-2021/26.html]
[footballpeek.com/premier-league/2020-2021/27.html]
[footballpeek.com/liga/2020-2021/27.html]
[footballpeek.com/liga/2020-2021/28.html]
[footballpeek.com/ligue-1/2020-2021/28.html]
[footballpeek.com/ligue-1/2020-2021/29.html]
[footballpeek.com/serie-a/2020-2021/25.html]
[footballpeek.com/serie-a/2020-2021/26.html]
[footballpeek.com/bundesliga/2020-2021/25.html]
[footballpeek.com/bundesliga/2020-2021/26.html]
[footballpeek.com/premier-league/2020-2021/27.html]
[footballpeek.com/premier-league/2020-2021/28.html]
[footballpeek.com/liga/2020-2021/28.html]
[footballpeek.com/liga/2020-2021/29.html]
[footballpeek.com/ligue-1/2020-2021/29.html]
[footballpeek.com/ligue-1/2020-2021/30.html]
[footballpeek.com/serie-a/2020-2021/26.html]
[footballpeek.com/serie-a/2020-2021/27.html]
[footballpeek.com/bundesliga/2020-2021/26.html]
[footballpeek.com/bundesliga/2020-2021/27.html]
[footballpeek.com/premier-league/2020-2021/28.html]
[footballpeek.com/premier-league/2020-2021/29.html]
[footballpeek.com/liga/2020-2021/29.html]
[footballpeek.com/liga/2020-2021/30.html]
[footballpeek.com/ligue-1/2020-2021/30.html]
[footballpeek.com/ligue-1/2020-2021/31.html]
[footballpeek.com/serie-a/2020-2021/27.html]
[footballpeek.com/serie-a/2020-2021/28.html]
[footballpeek.com/bundesliga/2020-2021/27.html]
[footballpeek.com/bundesliga/2020-2021/28.html]
[footballpeek.com/premier-league/2020-2021/29.html]
[footballpeek.com/premier-league/2020-2021/30.html]
[footballpeek.com/liga/2020-2021/30.html]
[footballpeek.com/liga/2020-2021/31.html]
[footballpeek.com/ligue-1/2020-2021/31.html]
[footballpeek.com/ligue-1/2020-2021/32.html]
[footballpeek.com/serie-a/2020-2021/28.html]
[footballpeek.com/serie-a/2020-2021/29.html]
[footballpeek.com/bundesliga/2020-2021/28.html]
[footballpeek.com/bundesliga/2020-2021/29.html]
[footballpeek.com/premier-league/2020-2021/30.html]
[footballpeek.com/premier-league/2020-2021/31.html]
[footballpeek.com/liga/2020-2021/31.html]
[footballpeek.com/liga/2020-2021/32.html]
[footballpeek.com/ligue-1/2020-2021/32.html]
[footballpeek.com/ligue-1/2020-2021/33.html]
[footballpeek.com/serie-a/2020-2021/29.html]
[footballpeek.com/serie-a/2020-2021/30.html]
[footballpeek.com/bundesliga/2020-2021/29.html]
[footballpeek.com/bundesliga/2020-2021/30.html]
[footballpeek.com/premier-league/2020-2021/31.html]
[footballpeek.com/premier-league/2020-2021/32.html]
[footballpeek.com/liga/2020-2021/32.html]
[footballpeek.com/liga/2020-2021/33.html]
[footballpeek.com/ligue-1/2020-2021/33.html]
[footballpeek.com/ligue-1/2020-2021/34.html]
[footballpeek.com/serie-a/2020-2021/30.html]
[footballpeek.com/serie-a/2020-2021/31.html]
[footballpeek.com/bundesliga/2020-2021/30.html]
[footballpeek.com/bundesliga/2020-2021/31.html]
[footballpeek.com/premier-league/2020-2021/32.html]
[footballpeek.com/premier-league/2020-2021/33.html]
[footballpeek.com/liga/2020-2021/33.html]
[footballpeek.com/liga/2020-2021/34.html]
[footballpeek.com/ligue-1/2020-2021/34.html]
[footballpeek.com/ligue-1/2020-2021/35.html]
[footballpeek.com/serie-a/2020-2021/31.html]
[footballpeek.com/serie-a/2020-2021/32.html]
[footballpeek.com/bundesliga/2020-2021/31.html]
[footballpeek.com/bundesliga/2020-2021/32.html]
[footballpeek.com/premier-league/2020-2021/33.html]
[footballpeek.com/premier-league/2020-2021/34.html]
[footballpeek.com/liga/2020-2021/34.html]
[footballpeek.com/liga/2020-2021/35.html]
[footballpeek.com/ligue-1/2020-2021/35.html]
[footballpeek.com/ligue-1/2020-2021/36.html]
[footballpeek.com/serie-a/2020-2021/32.html]
[footballpeek.com/serie-a/2020-2021/33.html]
[footballpeek.com/bundesliga/2020-2021/32.html]
[footballpeek.com/bundesliga/2020-2021/33.html]
[footballpeek.com/premier-league/2020-2021/34.html]
[footballpeek.com/premier-league/2020-2021/35.html]
[footballpeek.com/liga/2020-2021/35.html]
[footballpeek.com/liga/2020-2021/36.html]
[footballpeek.com/ligue-1/2020-2021/36.html]
[footballpeek.com/ligue-1/2020-2021/37.html]
[footballpeek.com/serie-a/2020-2021/33.html]
[footballpeek.com/serie-a/2020-2021/34.html]
[footballpeek.com/bundesliga/2020-2021/33.html]
[footballpeek.com/bundesliga/2020-2021/34.html]
[footballpeek.com/premier-league/2020-2021/35.html]
[footballpeek.com/premier-league/2020-2021/36.html]
[footballpeek.com/liga/2020-2021/36.html]
[footballpeek.com/liga/2020-2021/37.html]
[footballpeek.com/ligue-1/2020-2021/37.html]
[footballpeek.com/ligue-1/2020-2021/38.html]
[footballpeek.com/serie-a/2020-2021/34.html]
[footballpeek.com/bundesliga/2020-2021/34.html]
[footballpeek.com/serie-a/2020-2021/35.html]
[footballpeek.com/premier-league/2020-2021/36.html]
[footballpeek.com/premier-league/2020-2021/37.html]
[footballpeek.com/liga/2020-2021/37.html]
[footballpeek.com/ligue-1/2020-2021/38.html]
[footballpeek.com/liga/2020-2021/38.html]
[footballpeek.com/serie-a/2020-2021/35.html]
[footballpeek.com/serie-a/2020-2021/36.html]
[footballpeek.com/premier-league/2020-2021/37.html]
[footballpeek.com/liga/2020-2021/38.html]
[footballpeek.com/premier-league/2020-2021/38.html]
[footballpeek.com/serie-a/2020-2021/36.html]
[footballpeek.com/premier-league/2020-2021/38.html]
[footballpeek.com/serie-a/2020-2021/37.html]
[footballpeek.com/serie-a/2020-2021/37.html]
[footballpeek.com/serie-a/2020-2021/38.html]
[footballpeek.com/serie-a/2020-2021/38.html]
[footballpeek.com/sprite.750cc3d6b34390a5e7e0269f0dc9bf45.png]
[pagead2.googlesyndication.com/pagead/js/f.txt]
[footballpeek.com/fontello.f1fb0152c7d99661bbe98ff047e9ca13.eot]
[footballpeek.com/script.bundle.de637f1c7be5f18e0f10.js]
[footballpeek.com/fontello.2568b8f0af54098faf656156dd8ebdf8.woff2]
[cdnjs.cloudflare.com/ajax/libs/highcharts/7.1.1/highcharts.js]
[footballpeek.com/fontello.3fe09e3e1c685540f22a4c21df69ed03.ttf]
[footballpeek.com/style.bundle.de637f1c7be5f18e0f10.css]
[footballpeek.com/fontello.853b3227a076ddc4b2ba1614b97055d1.svg]
[footballpeek.com/premier-league/2020-2021/3.html]
[footballpeek.com/liga/2020-2021/4.html]
[footballpeek.com/fontello.853b3227a076ddc4b2ba1614b97055d1.svg]
